main.c:83:5:main	8	static
main.c:143:6:SystemClock_Config	96	static
main.c:193:13:MX_ADC2_Init	32	static
main.c:248:13:MX_RTC_Init	32	static
main.c:310:13:MX_USART2_UART_Init	8	static
main.c:345:13:MX_GPIO_Init	48	static
main.c:398:6:calculateTemp	56	static
main.c:412:6:updateDisplayTemp	24	static
main.c:438:6:updateDisplayClock	80	static
main.c:451:6:updateDisplayCredits	8	static
main.c:459:6:updateDisplay	8	static
main.c:465:6:changeDisplayState	8	static
main.c:472:6:HAL_GPIO_EXTI_Callback	16	static
main.c:477:6:HAL_ADC_ConvCpltCallback	16	static
main.c:483:6:HAL_UART_RxCpltCallback	504	dynamic
main.c:627:6:Error_Handler	4	static
